+ python reeval/re14_train_progress_riskprop.py --condition P --seed 42 --horizon-sec 2.0 --lambda-prog 1.0 --pairing-mode fixed --alpha 3.0 --cache-root /workspace/CPV301/data/nexar_cache_riskprop --cache-5f /workspace/CPV301/data/nexar_cache_5f --sidecar /workspace/CPV301/outputs_progress/sidecar/sidecar.json --split-manifest /workspace/CPV301/results/repro/split_manifest_seed42.json --output-root /workspace/CPV301/outputs_progress --num-workers 4 --model riskprop --limit-videos 40 --max-epochs 2 --tag mini
Using cache found in /root/.cache/torch/hub/facebookresearch_pytorchvideo_main
{
  "version": "v4.0.0",
  "config": {
    "condition": "P",
    "cps_mode": "continuous",
    "use_ffr": true,
    "use_amc": true,
    "pairing_mode": "fixed",
    "horizon_sec": 2.0,
    "alpha": 3.0,
    "lambda_prog": 1.0,
    "seed": 42,
    "epochs": 2,
    "max_steps": 0,
    "epochs_budget": null,
    "batch_size": 2,
    "lr": 0.01,
    "momentum": 0.9,
    "weight_decay": 0.0001,
    "lr_decay_epochs": [
      20,
      40
    ],
    "checkpoint_rule_train": "best = lowest val BCE @1.0s lead; latest = last epoch",
    "cps_boundary": "tau<=0 excluded (PRE-ACT assigns 1); anchors k=0,k=11 excluded",
    "cps_loss": "smooth_l1(beta=1) on sigmoid(z) fp32, per-video mean then mean over videos",
    "full_run": false,
    "research_result": false,
    "synthetic": false,
    "model": "riskprop",
    "limit_videos": 40,
    "limit_val": 0,
    "run_name": "P_fixed_H2_a3_lam1_seed42_mini",
    "resume_policy": "epoch boundary only; RNG restored on CPU; no bitwise mid-epoch continuation"
  },
  "init_state_sha256": "4e6b4b4d2e3dd6073928316d815fb4da3c5088013b91f299f197b64b7b4d7cd8",
  "inputs": {
    "split_manifest_sha256": "61b9e983c58722eb7b100f7d969ef55df32acc0c016aefcfed0be37ef36cdda2",
    "train_index_sha256": "2f2cb85117f2ed3fe8e2e0bbe1c7f802c2490208919dfea9a765778a41a9d3a0",
    "val_index_sha256": "ba898811bb7d126cea8babb16545c2e8a8528c58f9216b620ab8280b1e71cb8b",
    "sidecar_sha256": "e94392bda9163149ba2b5e1e189bc010c4a268560b2a16aed379eecd4d6e05cf",
    "audit_sha256": null,
    "lock_sha256": null,
    "audit": null,
    "lock_file": null,
    "val_cache_digest": null,
    "train_cache_digest": null
  }
}
/workspace/CPV301/pipeline/cell32_riskprop_loss.py:154: UserWarning: Converting a tensor with requires_grad=True to a scalar may lead to unexpected behavior.
Consider using tensor.detach() first. (Triggered internally at /pytorch/torch/csrc/autograd/generated/python_variable_methods.cpp:836.)
  return total, {"bce": L_bce.item(), "reg": float(L_reg), "mono": float(L_mono)}
[P_fixed_H2_a3_lam1_seed42_mini] epoch  0 steps=20 total=1.1344 base=1.0665 (bce=1.0572 reg=0.0023 mono=0.0162) cps=0.0680 amp_skipped=1 g_base=3.42 g_cps=0.807 val_loss=1.7600 val_AP@1.0=0.4917 lr=0.01000 (7s)
  * best.pth (val_loss=1.7600)
[P_fixed_H2_a3_lam1_seed42_mini] epoch  1 steps=40 total=0.8757 base=0.7962 (bce=0.7792 reg=0.0078 mono=0.0261) cps=0.0795 amp_skipped=0 g_base=1.81 g_cps=0.487 val_loss=7.1401 val_AP@1.0=0.6116 lr=0.01000 (5s)
[P_fixed_H2_a3_lam1_seed42_mini] COMPLETE -> /workspace/CPV301/outputs_progress/dev/P_fixed_H2_a3_lam1_seed42_mini
