[seed=42] Train: 1200 videos, 600 batches/epoch (2x12=24 clips/batch)
[seed=42] Val  : 300 videos, 38 batches/epoch (single-snippet)
Using cache found in /root/.cache/torch/hub/facebookresearch_pytorchvideo_main
Params: 31,636,545

==================================================
[seed=42] RQ2 ablation -- condition C: AMC-only (random) (FFR=False AMC=True pairing=random, LR=0.01, matched-budget, identical to cell34 otherwise): epoch 0 -> 49
==================================================

/workspace/CPV301/cell32_riskprop_loss.py:154: UserWarning: Converting a tensor with requires_grad=True to a scalar may lead to unexpected behavior.
Consider using tensor.detach() first. (Triggered internally at /pytorch/torch/csrc/autograd/generated/python_variable_methods.cpp:836.)
  return total, {"bce": L_bce.item(), "reg": float(L_reg), "mono": float(L_mono)}
[seed=42] Epoch  0: train=0.6078 (bce=0.5921 reg=0.0000 mono=0.0314), val_loss=3.9758, val_mAP=0.6325, lr=0.010000, time=93.1s
  * Saved best_riskprop_random_seed42_amconly.pth (val_loss=3.9758)
[seed=42] Epoch  1: train=0.4941 (bce=0.4779 reg=0.0000 mono=0.0324), val_loss=5.5002, val_mAP=0.6262, lr=0.010000, time=91.9s
[seed=42] Epoch  2: train=0.4153 (bce=0.3971 reg=0.0000 mono=0.0364), val_loss=5.7243, val_mAP=0.6498, lr=0.010000, time=92.4s
[seed=42] Epoch  3: train=0.3483 (bce=0.3319 reg=0.0000 mono=0.0327), val_loss=5.7365, val_mAP=0.6445, lr=0.010000, time=92.2s
[seed=42] Epoch  4: train=0.2749 (bce=0.2608 reg=0.0000 mono=0.0283), val_loss=11.8478, val_mAP=0.5916, lr=0.010000, time=92.3s
[seed=42] Epoch  5: train=0.2376 (bce=0.2234 reg=0.0000 mono=0.0285), val_loss=8.3945, val_mAP=0.6491, lr=0.010000, time=92.5s
[seed=42] Epoch  6: train=0.1785 (bce=0.1662 reg=0.0000 mono=0.0247), val_loss=10.3567, val_mAP=0.6921, lr=0.010000, time=92.3s
[seed=42] Epoch  7: train=0.1726 (bce=0.1613 reg=0.0000 mono=0.0228), val_loss=5.3645, val_mAP=0.6394, lr=0.010000, time=92.3s
[seed=42] Epoch  8: train=0.1403 (bce=0.1303 reg=0.0000 mono=0.0201), val_loss=10.4801, val_mAP=0.6567, lr=0.010000, time=92.4s
[seed=42] Epoch  9: train=0.1058 (bce=0.0988 reg=0.0000 mono=0.0141), val_loss=11.1492, val_mAP=0.6134, lr=0.010000, time=92.3s
[seed=42] Epoch 10: train=0.0682 (bce=0.0629 reg=0.0000 mono=0.0107), val_loss=16.5099, val_mAP=0.6231, lr=0.010000, time=92.5s
[seed=42] Epoch 11: train=0.0577 (bce=0.0527 reg=0.0000 mono=0.0100), val_loss=18.2390, val_mAP=0.5883, lr=0.010000, time=92.2s
[seed=42] Epoch 12: train=0.0821 (bce=0.0737 reg=0.0000 mono=0.0168), val_loss=16.2502, val_mAP=0.6581, lr=0.010000, time=92.3s
[seed=42] Epoch 13: train=0.0784 (bce=0.0715 reg=0.0000 mono=0.0136), val_loss=14.5084, val_mAP=0.5621, lr=0.010000, time=92.2s
[seed=42] Epoch 14: train=0.1035 (bce=0.0952 reg=0.0000 mono=0.0165), val_loss=14.4256, val_mAP=0.6269, lr=0.010000, time=92.4s
[seed=42] Epoch 15: train=0.0491 (bce=0.0432 reg=0.0000 mono=0.0118), val_loss=12.2607, val_mAP=0.6743, lr=0.010000, time=92.4s
[seed=42] Epoch 16: train=0.0337 (bce=0.0292 reg=0.0000 mono=0.0090), val_loss=14.8128, val_mAP=0.6175, lr=0.010000, time=92.3s
[seed=42] Epoch 17: train=0.0481 (bce=0.0424 reg=0.0000 mono=0.0113), val_loss=23.8594, val_mAP=0.6295, lr=0.010000, time=92.3s
[seed=42] Epoch 18: train=0.0475 (bce=0.0422 reg=0.0000 mono=0.0105), val_loss=22.6188, val_mAP=0.6337, lr=0.010000, time=92.4s
[seed=42] Epoch 19: train=0.0473 (bce=0.0420 reg=0.0000 mono=0.0105), val_loss=23.3190, val_mAP=0.5592, lr=0.001000, time=92.7s
[seed=42] Epoch 20: train=0.0216 (bce=0.0188 reg=0.0000 mono=0.0056), val_loss=23.6480, val_mAP=0.5957, lr=0.001000, time=92.3s
[seed=42] Epoch 21: train=0.0078 (bce=0.0058 reg=0.0000 mono=0.0041), val_loss=26.4452, val_mAP=0.6093, lr=0.001000, time=92.4s
[seed=42] Epoch 22: train=0.0062 (bce=0.0041 reg=0.0000 mono=0.0042), val_loss=25.2778, val_mAP=0.6187, lr=0.001000, time=92.2s
[seed=42] Epoch 23: train=0.0064 (bce=0.0042 reg=0.0000 mono=0.0045), val_loss=25.8131, val_mAP=0.6091, lr=0.001000, time=92.2s
[seed=42] Epoch 24: train=0.0102 (bce=0.0073 reg=0.0000 mono=0.0058), val_loss=22.3770, val_mAP=0.6345, lr=0.001000, time=91.5s
[seed=42] Epoch 25: train=0.0046 (bce=0.0024 reg=0.0000 mono=0.0044), val_loss=26.8851, val_mAP=0.6128, lr=0.001000, time=91.4s
[seed=42] Epoch 26: train=0.0045 (bce=0.0023 reg=0.0000 mono=0.0043), val_loss=25.0084, val_mAP=0.6154, lr=0.001000, time=91.5s
[seed=42] Epoch 27: train=0.0038 (bce=0.0020 reg=0.0000 mono=0.0036), val_loss=27.0435, val_mAP=0.6245, lr=0.001000, time=91.6s
[seed=42] Epoch 28: train=0.0035 (bce=0.0017 reg=0.0000 mono=0.0035), val_loss=28.4241, val_mAP=0.6032, lr=0.001000, time=91.7s
[seed=42] Epoch 29: train=0.0046 (bce=0.0029 reg=0.0000 mono=0.0034), val_loss=27.1416, val_mAP=0.6180, lr=0.001000, time=91.4s
[seed=42] Epoch 30: train=0.0039 (bce=0.0021 reg=0.0000 mono=0.0036), val_loss=25.7283, val_mAP=0.6259, lr=0.001000, time=91.5s
[seed=42] Epoch 31: train=0.0029 (bce=0.0014 reg=0.0000 mono=0.0030), val_loss=25.1259, val_mAP=0.6289, lr=0.001000, time=91.5s
[seed=42] Epoch 32: train=0.0026 (bce=0.0009 reg=0.0000 mono=0.0035), val_loss=27.6782, val_mAP=0.6284, lr=0.001000, time=91.5s
[seed=42] Epoch 33: train=0.0028 (bce=0.0008 reg=0.0000 mono=0.0039), val_loss=29.9505, val_mAP=0.6173, lr=0.001000, time=92.3s
[seed=42] Epoch 34: train=0.0023 (bce=0.0008 reg=0.0000 mono=0.0030), val_loss=28.2229, val_mAP=0.6251, lr=0.001000, time=92.4s
[seed=42] Epoch 35: train=0.0036 (bce=0.0020 reg=0.0000 mono=0.0032), val_loss=26.6060, val_mAP=0.6314, lr=0.001000, time=91.5s
[seed=42] Epoch 36: train=0.0024 (bce=0.0008 reg=0.0000 mono=0.0032), val_loss=29.2426, val_mAP=0.6348, lr=0.001000, time=92.1s
[seed=42] Epoch 37: train=0.0030 (bce=0.0013 reg=0.0000 mono=0.0033), val_loss=29.4106, val_mAP=0.6201, lr=0.001000, time=91.9s
[seed=42] Epoch 38: train=0.0022 (bce=0.0007 reg=0.0000 mono=0.0031), val_loss=31.3432, val_mAP=0.6184, lr=0.001000, time=92.0s
[seed=42] Epoch 39: train=0.0030 (bce=0.0013 reg=0.0000 mono=0.0033), val_loss=28.4217, val_mAP=0.6249, lr=0.000100, time=92.3s
[seed=42] Epoch 40: train=0.0024 (bce=0.0007 reg=0.0000 mono=0.0033), val_loss=27.1552, val_mAP=0.6317, lr=0.000100, time=92.7s
[seed=42] Epoch 41: train=0.0024 (bce=0.0008 reg=0.0000 mono=0.0032), val_loss=28.6307, val_mAP=0.6238, lr=0.000100, time=93.0s
[seed=42] Epoch 42: train=0.0024 (bce=0.0011 reg=0.0000 mono=0.0026), val_loss=32.0554, val_mAP=0.6386, lr=0.000100, time=93.0s
[seed=42] Epoch 43: train=0.0020 (bce=0.0007 reg=0.0000 mono=0.0027), val_loss=28.1870, val_mAP=0.6233, lr=0.000100, time=92.6s
[seed=42] Epoch 44: train=0.0022 (bce=0.0009 reg=0.0000 mono=0.0026), val_loss=29.6075, val_mAP=0.6212, lr=0.000100, time=92.7s
[seed=42] Epoch 45: train=0.0021 (bce=0.0007 reg=0.0000 mono=0.0028), val_loss=30.8276, val_mAP=0.6203, lr=0.000100, time=92.6s
[seed=42] Epoch 46: train=0.0023 (bce=0.0007 reg=0.0000 mono=0.0033), val_loss=29.9516, val_mAP=0.6253, lr=0.000100, time=92.4s
[seed=42] Epoch 47: train=0.0022 (bce=0.0008 reg=0.0000 mono=0.0029), val_loss=28.1786, val_mAP=0.6282, lr=0.000100, time=92.7s
[seed=42] Epoch 48: train=0.0020 (bce=0.0006 reg=0.0000 mono=0.0029), val_loss=27.0611, val_mAP=0.6358, lr=0.000100, time=92.9s
[seed=42] Epoch 49: train=0.0022 (bce=0.0009 reg=0.0000 mono=0.0027), val_loss=31.5480, val_mAP=0.6251, lr=0.000100, time=92.7s

==================================================
[seed=42] Training complete! Total: 77.1 min (1.28h)
Best val_loss: 3.9758
==================================================
