Using cache found in /root/.cache/torch/hub/facebookresearch_pytorchvideo_main
[check-complete] S_fixed_H2_a3_lam1_seed42: NOT complete (no COMPLETE.json)
+ python -u reeval/re14_train_progress_riskprop.py --condition S --seed 42 --horizon-sec 2.0 --lambda-prog 1.0 --pairing-mode fixed --alpha 3.0 --cache-root /workspace/CPV301/data/nexar_cache_riskprop --cache-5f /workspace/CPV301/data/nexar_cache_5f --sidecar /workspace/CPV301/outputs_progress/sidecar/sidecar.json --split-manifest /workspace/CPV301/results/repro/split_manifest_seed42.json --output-root /workspace/CPV301/outputs_progress --num-workers 4 --audit /workspace/CPV301/outputs_progress/audit/audit_summary.json --lock-file /workspace/CPV301/outputs_progress/LOCK.json --full-run
Using cache found in /root/.cache/torch/hub/facebookresearch_pytorchvideo_main
verifying train cache content digest (hashing every cached .pt) ...
{
  "version": "v4.0.0",
  "config": {
    "condition": "S",
    "cps_mode": "binary",
    "use_ffr": true,
    "use_amc": true,
    "pairing_mode": "fixed",
    "horizon_sec": 2.0,
    "alpha": 3.0,
    "lambda_prog": 1.0,
    "seed": 42,
    "epochs": 50,
    "max_steps": 0,
    "epochs_budget": 50,
    "batch_size": 2,
    "lr": 0.01,
    "momentum": 0.9,
    "weight_decay": 0.0001,
    "lr_decay_epochs": [
      20,
      40
    ],
    "checkpoint_rule_train": "best = lowest val BCE @1.0s lead; latest = last epoch",
    "cps_boundary": "tau<=0 excluded (PRE-ACT assigns 1); anchors k=0,k=11 excluded",
    "cps_loss": "smooth_l1(beta=1) on sigmoid(z) fp32, per-video mean then mean over videos",
    "full_run": true,
    "research_result": true,
    "synthetic": false,
    "model": "riskprop",
    "limit_videos": 0,
    "limit_val": 0,
    "run_name": "S_fixed_H2_a3_lam1_seed42",
    "resume_policy": "epoch boundary only; RNG restored on CPU; no bitwise mid-epoch continuation"
  },
  "init_state_sha256": "4e6b4b4d2e3dd6073928316d815fb4da3c5088013b91f299f197b64b7b4d7cd8",
  "inputs": {
    "split_manifest_sha256": "61b9e983c58722eb7b100f7d969ef55df32acc0c016aefcfed0be37ef36cdda2",
    "train_index_sha256": "2f2cb85117f2ed3fe8e2e0bbe1c7f802c2490208919dfea9a765778a41a9d3a0",
    "val_index_sha256": "ba898811bb7d126cea8babb16545c2e8a8528c58f9216b620ab8280b1e71cb8b",
    "sidecar_sha256": "e94392bda9163149ba2b5e1e189bc010c4a268560b2a16aed379eecd4d6e05cf",
    "audit_sha256": "cc5452b575ce905ca9e3277b0f7f7b0274017d86606a1d7e98b293ec20baecc0",
    "lock_sha256": "347623b1638bd1b5914a156e94e73465828ecd8d139f4cc30023be6907d960c7",
    "audit": "/workspace/CPV301/outputs_progress/audit/audit_summary.json",
    "lock_file": "/workspace/CPV301/outputs_progress/LOCK.json",
    "val_cache_digest": "67491cd00112b143b99ffb72ae3e0d12d9c783ca14e06f3ace266f73ab1127c4",
    "train_cache_digest": "315b0d92699ce2bae760bece5355b2babeead9bc4f8f895700930df5e9da2a6b"
  }
}
/workspace/CPV301/pipeline/cell32_riskprop_loss.py:154: UserWarning: Converting a tensor with requires_grad=True to a scalar may lead to unexpected behavior.
Consider using tensor.detach() first. (Triggered internally at /pytorch/torch/csrc/autograd/generated/python_variable_methods.cpp:836.)
  return total, {"bce": L_bce.item(), "reg": float(L_reg), "mono": float(L_mono)}
[S_fixed_H2_a3_lam1_seed42] epoch  0 steps=600 total=0.7277 base=0.6467 (bce=0.6275 reg=0.0108 mono=0.0276) cps=0.0810 amp_skipped=1 g_base=5.55 g_cps=0.61 val_loss=4.5124 val_AP@1.0=0.6589 lr=0.01000 (99s)
  * best.pth (val_loss=4.5124)
[S_fixed_H2_a3_lam1_seed42] epoch  1 steps=1200 total=0.5592 base=0.4834 (bce=0.4526 reg=0.0246 mono=0.0371) cps=0.0758 amp_skipped=0 g_base=0.628 g_cps=0.0502 val_loss=4.4961 val_AP@1.0=0.6550 lr=0.01000 (97s)
  * best.pth (val_loss=4.4961)
[S_fixed_H2_a3_lam1_seed42] epoch  2 steps=1800 total=0.4534 base=0.3784 (bce=0.3448 reg=0.0320 mono=0.0352) cps=0.0750 amp_skipped=0 g_base=0.724 g_cps=0.07 val_loss=6.6548 val_AP@1.0=0.6463 lr=0.01000 (100s)
[S_fixed_H2_a3_lam1_seed42] epoch  3 steps=2400 total=0.3792 base=0.3042 (bce=0.2686 reg=0.0386 mono=0.0326) cps=0.0750 amp_skipped=0 g_base=0.421 g_cps=0 val_loss=9.1878 val_AP@1.0=0.6587 lr=0.01000 (97s)
[S_fixed_H2_a3_lam1_seed42] epoch  4 steps=3000 total=0.3157 base=0.2438 (bce=0.2100 reg=0.0407 mono=0.0269) cps=0.0719 amp_skipped=0 g_base=0.857 g_cps=0.0691 val_loss=4.4112 val_AP@1.0=0.6669 lr=0.01000 (98s)
  * best.pth (val_loss=4.4112)
[S_fixed_H2_a3_lam1_seed42] epoch  5 steps=3600 total=0.2422 base=0.1726 (bce=0.1383 reg=0.0470 mono=0.0217) cps=0.0695 amp_skipped=0 g_base=0.423 g_cps=0.0584 val_loss=6.1715 val_AP@1.0=0.6842 lr=0.01000 (99s)
[S_fixed_H2_a3_lam1_seed42] epoch  6 steps=4200 total=0.2368 base=0.1651 (bce=0.1283 reg=0.0499 mono=0.0236) cps=0.0717 amp_skipped=0 g_base=0.0217 g_cps=0.022 val_loss=13.4214 val_AP@1.0=0.6583 lr=0.01000 (99s)
[S_fixed_H2_a3_lam1_seed42] epoch  7 steps=4800 total=0.1638 base=0.0930 (bce=0.0597 reg=0.0504 mono=0.0163) cps=0.0708 amp_skipped=1 g_base=0.0651 g_cps=0 val_loss=11.5717 val_AP@1.0=0.6818 lr=0.01000 (100s)
[S_fixed_H2_a3_lam1_seed42] epoch  8 steps=5400 total=0.1487 base=0.0831 (bce=0.0504 reg=0.0519 mono=0.0134) cps=0.0656 amp_skipped=0 g_base=0.302 g_cps=0.0805 val_loss=12.0987 val_AP@1.0=0.6880 lr=0.01000 (100s)
[S_fixed_H2_a3_lam1_seed42] epoch  9 steps=6000 total=0.1618 base=0.1006 (bce=0.0653 reg=0.0543 mono=0.0162) cps=0.0612 amp_skipped=0 g_base=0.208 g_cps=0 val_loss=14.0836 val_AP@1.0=0.6272 lr=0.01000 (99s)
[S_fixed_H2_a3_lam1_seed42] epoch 10 steps=6600 total=0.1383 base=0.0786 (bce=0.0470 reg=0.0513 mono=0.0119) cps=0.0597 amp_skipped=0 g_base=0.161 g_cps=0 val_loss=14.4197 val_AP@1.0=0.6905 lr=0.01000 (99s)
[S_fixed_H2_a3_lam1_seed42] epoch 11 steps=7200 total=0.1192 base=0.0679 (bce=0.0368 reg=0.0525 mono=0.0098) cps=0.0513 amp_skipped=0 g_base=0.096 g_cps=0.038 val_loss=8.8184 val_AP@1.0=0.7071 lr=0.01000 (99s)
[S_fixed_H2_a3_lam1_seed42] epoch 12 steps=7800 total=0.1772 base=0.1196 (bce=0.0852 reg=0.0527 mono=0.0161) cps=0.0575 amp_skipped=2 g_base=0.0296 g_cps=0.0447 val_loss=11.2676 val_AP@1.0=0.7021 lr=0.01000 (99s)
[S_fixed_H2_a3_lam1_seed42] epoch 13 steps=8400 total=0.1065 base=0.0566 (bce=0.0254 reg=0.0507 mono=0.0117) cps=0.0499 amp_skipped=0 g_base=0.172 g_cps=0.0182 val_loss=12.6582 val_AP@1.0=0.6862 lr=0.01000 (98s)
[S_fixed_H2_a3_lam1_seed42] epoch 14 steps=9000 total=0.0799 base=0.0410 (bce=0.0112 reg=0.0512 mono=0.0084) cps=0.0389 amp_skipped=0 g_base=0.00971 g_cps=0.00715 val_loss=11.8606 val_AP@1.0=0.7126 lr=0.01000 (98s)
[S_fixed_H2_a3_lam1_seed42] epoch 15 steps=9600 total=0.0626 base=0.0333 (bce=0.0053 reg=0.0509 mono=0.0050) cps=0.0294 amp_skipped=0 g_base=0.0164 g_cps=0.0193 val_loss=9.1492 val_AP@1.0=0.7125 lr=0.01000 (99s)
[S_fixed_H2_a3_lam1_seed42] epoch 16 steps=10200 total=0.0611 base=0.0354 (bce=0.0051 reg=0.0543 mono=0.0062) cps=0.0257 amp_skipped=0 g_base=0.0456 g_cps=0.0383 val_loss=8.6590 val_AP@1.0=0.7061 lr=0.01000 (98s)
[S_fixed_H2_a3_lam1_seed42] epoch 17 steps=10800 total=0.0550 base=0.0322 (bce=0.0027 reg=0.0532 mono=0.0058) cps=0.0228 amp_skipped=0 g_base=0.0409 g_cps=0.0494 val_loss=13.7791 val_AP@1.0=0.6987 lr=0.01000 (92s)
[S_fixed_H2_a3_lam1_seed42] epoch 18 steps=11400 total=0.0516 base=0.0307 (bce=0.0024 reg=0.0518 mono=0.0048) cps=0.0208 amp_skipped=0 g_base=0.000608 g_cps=0 val_loss=13.1334 val_AP@1.0=0.6880 lr=0.01000 (99s)
[S_fixed_H2_a3_lam1_seed42] epoch 19 steps=12000 total=0.1713 base=0.1260 (bce=0.0938 reg=0.0496 mono=0.0149) cps=0.0453 amp_skipped=0 g_base=0.00908 g_cps=0 val_loss=10.3505 val_AP@1.0=0.6676 lr=0.00100 (99s)
[S_fixed_H2_a3_lam1_seed42] epoch 20 steps=12600 total=0.0850 base=0.0490 (bce=0.0204 reg=0.0473 mono=0.0100) cps=0.0360 amp_skipped=0 g_base=0.101 g_cps=0 val_loss=11.2413 val_AP@1.0=0.7047 lr=0.00100 (99s)
[S_fixed_H2_a3_lam1_seed42] epoch 21 steps=13200 total=0.0655 base=0.0356 (bce=0.0096 reg=0.0447 mono=0.0072) cps=0.0299 amp_skipped=0 g_base=0.0817 g_cps=0.0388 val_loss=10.2832 val_AP@1.0=0.7093 lr=0.00100 (99s)
[S_fixed_H2_a3_lam1_seed42] epoch 22 steps=13800 total=0.0601 base=0.0346 (bce=0.0084 reg=0.0460 mono=0.0066) cps=0.0254 amp_skipped=1 g_base=0.0643 g_cps=0.0359 val_loss=11.2258 val_AP@1.0=0.7146 lr=0.00100 (100s)
[S_fixed_H2_a3_lam1_seed42] epoch 23 steps=14400 total=0.0548 base=0.0317 (bce=0.0064 reg=0.0444 mono=0.0061) cps=0.0231 amp_skipped=0 g_base=0.0341 g_cps=0.0625 val_loss=11.4150 val_AP@1.0=0.7197 lr=0.00100 (99s)
[S_fixed_H2_a3_lam1_seed42] epoch 24 steps=15000 total=0.0529 base=0.0316 (bce=0.0057 reg=0.0460 mono=0.0057) cps=0.0213 amp_skipped=0 g_base=0.01 g_cps=0 val_loss=10.4134 val_AP@1.0=0.7130 lr=0.00100 (99s)
[S_fixed_H2_a3_lam1_seed42] epoch 25 steps=15600 total=0.0511 base=0.0305 (bce=0.0051 reg=0.0457 mono=0.0050) cps=0.0206 amp_skipped=1 g_base=0.21 g_cps=0 val_loss=10.8423 val_AP@1.0=0.7089 lr=0.00100 (99s)
[S_fixed_H2_a3_lam1_seed42] epoch 26 steps=16200 total=0.0491 base=0.0302 (bce=0.0044 reg=0.0464 mono=0.0052) cps=0.0188 amp_skipped=0 g_base=0.0229 g_cps=0.000222 val_loss=10.1823 val_AP@1.0=0.7065 lr=0.00100 (99s)
[S_fixed_H2_a3_lam1_seed42] epoch 27 steps=16800 total=0.0467 base=0.0293 (bce=0.0042 reg=0.0457 mono=0.0046) cps=0.0174 amp_skipped=0 g_base=0.0187 g_cps=0.0371 val_loss=11.8308 val_AP@1.0=0.7031 lr=0.00100 (101s)
[S_fixed_H2_a3_lam1_seed42] epoch 28 steps=17400 total=0.0464 base=0.0293 (bce=0.0038 reg=0.0464 mono=0.0046) cps=0.0171 amp_skipped=0 g_base=0.00647 g_cps=0.000654 val_loss=10.4454 val_AP@1.0=0.7085 lr=0.00100 (98s)
[S_fixed_H2_a3_lam1_seed42] epoch 29 steps=18000 total=0.0454 base=0.0291 (bce=0.0035 reg=0.0471 mono=0.0042) cps=0.0163 amp_skipped=1 g_base=0.0134 g_cps=0.0276 val_loss=10.8632 val_AP@1.0=0.7031 lr=0.00100 (100s)
[S_fixed_H2_a3_lam1_seed42] epoch 30 steps=18600 total=0.0443 base=0.0281 (bce=0.0033 reg=0.0457 mono=0.0040) cps=0.0162 amp_skipped=0 g_base=0.0185 g_cps=0 val_loss=11.2585 val_AP@1.0=0.7066 lr=0.00100 (100s)
[S_fixed_H2_a3_lam1_seed42] epoch 31 steps=19200 total=0.0451 base=0.0285 (bce=0.0031 reg=0.0464 mono=0.0043) cps=0.0166 amp_skipped=0 g_base=0.0269 g_cps=0.0294 val_loss=11.7072 val_AP@1.0=0.7031 lr=0.00100 (97s)
[S_fixed_H2_a3_lam1_seed42] epoch 32 steps=19800 total=0.0431 base=0.0284 (bce=0.0027 reg=0.0473 mono=0.0042) cps=0.0148 amp_skipped=1 g_base=0.0197 g_cps=0.0188 val_loss=13.4449 val_AP@1.0=0.6930 lr=0.00100 (97s)
[S_fixed_H2_a3_lam1_seed42] epoch 33 steps=20400 total=0.0431 base=0.0281 (bce=0.0028 reg=0.0465 mono=0.0041) cps=0.0150 amp_skipped=0 g_base=0.0505 g_cps=0.0396 val_loss=11.7734 val_AP@1.0=0.6892 lr=0.00100 (96s)
[S_fixed_H2_a3_lam1_seed42] epoch 34 steps=21000 total=0.0420 base=0.0274 (bce=0.0022 reg=0.0465 mono=0.0038) cps=0.0146 amp_skipped=0 g_base=0.0235 g_cps=0.0587 val_loss=12.3820 val_AP@1.0=0.7049 lr=0.00100 (98s)
[S_fixed_H2_a3_lam1_seed42] epoch 35 steps=21600 total=0.0422 base=0.0274 (bce=0.0021 reg=0.0460 mono=0.0046) cps=0.0148 amp_skipped=0 g_base=0.0571 g_cps=0.0415 val_loss=12.7147 val_AP@1.0=0.6971 lr=0.00100 (97s)
[S_fixed_H2_a3_lam1_seed42] epoch 36 steps=22200 total=0.0422 base=0.0279 (bce=0.0021 reg=0.0476 mono=0.0042) cps=0.0143 amp_skipped=1 g_base=0.0566 g_cps=0.0528 val_loss=10.9034 val_AP@1.0=0.6983 lr=0.00100 (98s)
[S_fixed_H2_a3_lam1_seed42] epoch 37 steps=22800 total=0.0425 base=0.0279 (bce=0.0023 reg=0.0472 mono=0.0041) cps=0.0145 amp_skipped=0 g_base=0.039 g_cps=0.0672 val_loss=11.6870 val_AP@1.0=0.7004 lr=0.00100 (99s)
[S_fixed_H2_a3_lam1_seed42] epoch 38 steps=23400 total=0.0409 base=0.0269 (bce=0.0019 reg=0.0463 mono=0.0037) cps=0.0140 amp_skipped=0 g_base=0.00279 g_cps=0 val_loss=11.5138 val_AP@1.0=0.6969 lr=0.00100 (99s)
[S_fixed_H2_a3_lam1_seed42] epoch 39 steps=24000 total=0.0405 base=0.0272 (bce=0.0018 reg=0.0465 mono=0.0043) cps=0.0133 amp_skipped=1 g_base=0.041 g_cps=0.0755 val_loss=12.5935 val_AP@1.0=0.6907 lr=0.00010 (99s)
[S_fixed_H2_a3_lam1_seed42] epoch 40 steps=24600 total=0.0395 base=0.0268 (bce=0.0018 reg=0.0460 mono=0.0038) cps=0.0127 amp_skipped=0 g_base=0.00342 g_cps=0 val_loss=12.6414 val_AP@1.0=0.6974 lr=0.00010 (100s)
[S_fixed_H2_a3_lam1_seed42] epoch 41 steps=25200 total=0.0403 base=0.0263 (bce=0.0018 reg=0.0449 mono=0.0040) cps=0.0140 amp_skipped=0 g_base=0.0467 g_cps=0.0288 val_loss=13.1767 val_AP@1.0=0.6947 lr=0.00010 (99s)
[S_fixed_H2_a3_lam1_seed42] epoch 42 steps=25800 total=0.0405 base=0.0267 (bce=0.0019 reg=0.0458 mono=0.0037) cps=0.0139 amp_skipped=0 g_base=0.00502 g_cps=0 val_loss=13.2374 val_AP@1.0=0.6935 lr=0.00010 (100s)
[S_fixed_H2_a3_lam1_seed42] epoch 43 steps=26400 total=0.0404 base=0.0268 (bce=0.0021 reg=0.0456 mono=0.0037) cps=0.0137 amp_skipped=1 g_base=0.00228 g_cps=0 val_loss=9.9962 val_AP@1.0=0.7038 lr=0.00010 (100s)
[S_fixed_H2_a3_lam1_seed42] epoch 44 steps=27000 total=0.0405 base=0.0270 (bce=0.0021 reg=0.0458 mono=0.0040) cps=0.0134 amp_skipped=0 g_base=0.0274 g_cps=0.00852 val_loss=10.7427 val_AP@1.0=0.6986 lr=0.00010 (100s)
[S_fixed_H2_a3_lam1_seed42] epoch 45 steps=27600 total=0.0410 base=0.0268 (bce=0.0018 reg=0.0464 mono=0.0037) cps=0.0142 amp_skipped=0 g_base=0.00781 g_cps=0.0036 val_loss=12.1718 val_AP@1.0=0.6957 lr=0.00010 (100s)
[S_fixed_H2_a3_lam1_seed42] epoch 46 steps=28200 total=0.0392 base=0.0260 (bce=0.0020 reg=0.0444 mono=0.0037) cps=0.0132 amp_skipped=1 g_base=0.00985 g_cps=5e-05 val_loss=10.7602 val_AP@1.0=0.6988 lr=0.00010 (99s)
[S_fixed_H2_a3_lam1_seed42] epoch 47 steps=28800 total=0.0404 base=0.0269 (bce=0.0017 reg=0.0463 mono=0.0041) cps=0.0135 amp_skipped=0 g_base=0.0223 g_cps=0.00234 val_loss=10.5068 val_AP@1.0=0.6925 lr=0.00010 (99s)
[S_fixed_H2_a3_lam1_seed42] epoch 48 steps=29400 total=0.0394 base=0.0265 (bce=0.0018 reg=0.0455 mono=0.0040) cps=0.0128 amp_skipped=0 g_base=0.0222 g_cps=2.26e-05 val_loss=10.1927 val_AP@1.0=0.7015 lr=0.00010 (99s)
[S_fixed_H2_a3_lam1_seed42] epoch 49 steps=30000 total=0.0410 base=0.0269 (bce=0.0017 reg=0.0464 mono=0.0039) cps=0.0141 amp_skipped=1 g_base=0.00291 g_cps=0 val_loss=14.2785 val_AP@1.0=0.6933 lr=0.00010 (99s)
[S_fixed_H2_a3_lam1_seed42] COMPLETE -> /workspace/CPV301/outputs_progress/runs/S_fixed_H2_a3_lam1_seed42
Using cache found in /root/.cache/torch/hub/facebookresearch_pytorchvideo_main
[check-complete] S_fixed_H2_a3_lam1_seed42: COMPLETE (complete)
