Using cache found in /root/.cache/torch/hub/facebookresearch_pytorchvideo_main
[check-complete] P_fixed_H2_a3_lam1_seed43: NOT complete (no COMPLETE.json)
+ python -u reeval/re14_train_progress_riskprop.py --condition P --seed 43 --horizon-sec 2.0 --lambda-prog 1.0 --pairing-mode fixed --alpha 3.0 --cache-root /workspace/CPV301/data/nexar_cache_riskprop --cache-5f /workspace/CPV301/data/nexar_cache_5f --sidecar /workspace/CPV301/outputs_progress/sidecar/sidecar.json --split-manifest /workspace/CPV301/results/repro/split_manifest_seed42.json --output-root /workspace/CPV301/outputs_progress --num-workers 4 --audit /workspace/CPV301/outputs_progress/audit/audit_summary.json --lock-file /workspace/CPV301/outputs_progress/LOCK.json --full-run
Using cache found in /root/.cache/torch/hub/facebookresearch_pytorchvideo_main
verifying train cache content digest (hashing every cached .pt) ...
{
  "version": "v4.0.0",
  "config": {
    "condition": "P",
    "cps_mode": "continuous",
    "use_ffr": true,
    "use_amc": true,
    "pairing_mode": "fixed",
    "horizon_sec": 2.0,
    "alpha": 3.0,
    "lambda_prog": 1.0,
    "seed": 43,
    "epochs": 50,
    "max_steps": 0,
    "epochs_budget": 50,
    "batch_size": 2,
    "lr": 0.01,
    "momentum": 0.9,
    "weight_decay": 0.0001,
    "lr_decay_epochs": [
      20,
      40
    ],
    "checkpoint_rule_train": "best = lowest val BCE @1.0s lead; latest = last epoch",
    "cps_boundary": "tau<=0 excluded (PRE-ACT assigns 1); anchors k=0,k=11 excluded",
    "cps_loss": "smooth_l1(beta=1) on sigmoid(z) fp32, per-video mean then mean over videos",
    "full_run": true,
    "research_result": true,
    "synthetic": false,
    "model": "riskprop",
    "limit_videos": 0,
    "limit_val": 0,
    "run_name": "P_fixed_H2_a3_lam1_seed43",
    "resume_policy": "epoch boundary only; RNG restored on CPU; no bitwise mid-epoch continuation"
  },
  "init_state_sha256": "c0c5cfcfad72a08fb3aa738e7f1187b493073cc7095dcef0c966f33b180e153c",
  "inputs": {
    "split_manifest_sha256": "61b9e983c58722eb7b100f7d969ef55df32acc0c016aefcfed0be37ef36cdda2",
    "train_index_sha256": "2f2cb85117f2ed3fe8e2e0bbe1c7f802c2490208919dfea9a765778a41a9d3a0",
    "val_index_sha256": "ba898811bb7d126cea8babb16545c2e8a8528c58f9216b620ab8280b1e71cb8b",
    "sidecar_sha256": "e94392bda9163149ba2b5e1e189bc010c4a268560b2a16aed379eecd4d6e05cf",
    "audit_sha256": "cc5452b575ce905ca9e3277b0f7f7b0274017d86606a1d7e98b293ec20baecc0",
    "lock_sha256": "347623b1638bd1b5914a156e94e73465828ecd8d139f4cc30023be6907d960c7",
    "audit": "/workspace/CPV301/outputs_progress/audit/audit_summary.json",
    "lock_file": "/workspace/CPV301/outputs_progress/LOCK.json",
    "val_cache_digest": "67491cd00112b143b99ffb72ae3e0d12d9c783ca14e06f3ace266f73ab1127c4",
    "train_cache_digest": "315b0d92699ce2bae760bece5355b2babeead9bc4f8f895700930df5e9da2a6b"
  }
}
/workspace/CPV301/pipeline/cell32_riskprop_loss.py:154: UserWarning: Converting a tensor with requires_grad=True to a scalar may lead to unexpected behavior.
Consider using tensor.detach() first. (Triggered internally at /pytorch/torch/csrc/autograd/generated/python_variable_methods.cpp:836.)
  return total, {"bce": L_bce.item(), "reg": float(L_reg), "mono": float(L_mono)}
[P_fixed_H2_a3_lam1_seed43] epoch  0 steps=600 total=0.7363 base=0.6763 (bce=0.6602 reg=0.0090 mono=0.0231) cps=0.0600 amp_skipped=2 g_base=4.94 g_cps=0.966 val_loss=3.6219 val_AP@1.0=0.5986 lr=0.01000 (100s)
  * best.pth (val_loss=3.6219)
[P_fixed_H2_a3_lam1_seed43] epoch  1 steps=1200 total=0.6831 base=0.6319 (bce=0.6129 reg=0.0111 mono=0.0268) cps=0.0512 amp_skipped=0 g_base=0.622 g_cps=0.0847 val_loss=4.1694 val_AP@1.0=0.6130 lr=0.01000 (96s)
[P_fixed_H2_a3_lam1_seed43] epoch  2 steps=1800 total=0.6250 base=0.5757 (bce=0.5530 reg=0.0156 mono=0.0299) cps=0.0492 amp_skipped=0 g_base=0.719 g_cps=0 val_loss=4.3741 val_AP@1.0=0.5980 lr=0.01000 (94s)
[P_fixed_H2_a3_lam1_seed43] epoch  3 steps=2400 total=0.5691 base=0.5235 (bce=0.4951 reg=0.0222 mono=0.0346) cps=0.0456 amp_skipped=0 g_base=0.354 g_cps=0.0295 val_loss=4.4946 val_AP@1.0=0.6197 lr=0.01000 (94s)
[P_fixed_H2_a3_lam1_seed43] epoch  4 steps=3000 total=0.5149 base=0.4712 (bce=0.4406 reg=0.0262 mono=0.0349) cps=0.0437 amp_skipped=0 g_base=0.687 g_cps=0 val_loss=4.8908 val_AP@1.0=0.6129 lr=0.01000 (97s)
[P_fixed_H2_a3_lam1_seed43] epoch  5 steps=3600 total=0.4350 base=0.3924 (bce=0.3561 reg=0.0366 mono=0.0360) cps=0.0426 amp_skipped=0 g_base=0.446 g_cps=0.0307 val_loss=4.8136 val_AP@1.0=0.6155 lr=0.01000 (97s)
[P_fixed_H2_a3_lam1_seed43] epoch  6 steps=4200 total=0.3871 base=0.3446 (bce=0.3069 reg=0.0411 mono=0.0343) cps=0.0425 amp_skipped=0 g_base=0.24 g_cps=0.0217 val_loss=4.7673 val_AP@1.0=0.6125 lr=0.01000 (94s)
[P_fixed_H2_a3_lam1_seed43] epoch  7 steps=4800 total=0.3293 base=0.2871 (bce=0.2466 reg=0.0463 mono=0.0346) cps=0.0423 amp_skipped=0 g_base=0.353 g_cps=0.0316 val_loss=6.7412 val_AP@1.0=0.6428 lr=0.01000 (95s)
[P_fixed_H2_a3_lam1_seed43] epoch  8 steps=5400 total=0.3033 base=0.2616 (bce=0.2226 reg=0.0482 mono=0.0299) cps=0.0417 amp_skipped=0 g_base=0.149 g_cps=0.0477 val_loss=8.4944 val_AP@1.0=0.6635 lr=0.01000 (95s)
[P_fixed_H2_a3_lam1_seed43] epoch  9 steps=6000 total=0.2357 base=0.1930 (bce=0.1538 reg=0.0528 mono=0.0257) cps=0.0426 amp_skipped=0 g_base=0.254 g_cps=0 val_loss=4.9884 val_AP@1.0=0.6501 lr=0.01000 (95s)
[P_fixed_H2_a3_lam1_seed43] epoch 10 steps=6600 total=0.2099 base=0.1683 (bce=0.1282 reg=0.0546 mono=0.0257) cps=0.0415 amp_skipped=1 g_base=0.313 g_cps=0.0183 val_loss=6.4766 val_AP@1.0=0.6942 lr=0.01000 (94s)
[P_fixed_H2_a3_lam1_seed43] epoch 11 steps=7200 total=0.1750 base=0.1351 (bce=0.0975 reg=0.0539 mono=0.0213) cps=0.0399 amp_skipped=0 g_base=0.786 g_cps=0 val_loss=12.5915 val_AP@1.0=0.6292 lr=0.01000 (96s)
[P_fixed_H2_a3_lam1_seed43] epoch 12 steps=7800 total=0.1207 base=0.0823 (bce=0.0460 reg=0.0565 mono=0.0161) cps=0.0384 amp_skipped=0 g_base=0.0687 g_cps=0.0228 val_loss=8.9544 val_AP@1.0=0.6881 lr=0.01000 (94s)
[P_fixed_H2_a3_lam1_seed43] epoch 13 steps=8400 total=0.1224 base=0.0855 (bce=0.0513 reg=0.0554 mono=0.0129) cps=0.0369 amp_skipped=0 g_base=0.0847 g_cps=0.0469 val_loss=12.6946 val_AP@1.0=0.6653 lr=0.01000 (98s)
[P_fixed_H2_a3_lam1_seed43] epoch 14 steps=9000 total=0.0837 base=0.0517 (bce=0.0194 reg=0.0551 mono=0.0095) cps=0.0320 amp_skipped=0 g_base=0.0215 g_cps=0 val_loss=12.0838 val_AP@1.0=0.7060 lr=0.01000 (97s)
[P_fixed_H2_a3_lam1_seed43] epoch 15 steps=9600 total=0.0763 base=0.0463 (bce=0.0151 reg=0.0550 mono=0.0074) cps=0.0301 amp_skipped=1 g_base=0.0451 g_cps=0 val_loss=14.5306 val_AP@1.0=0.6741 lr=0.01000 (94s)
[P_fixed_H2_a3_lam1_seed43] epoch 16 steps=10200 total=0.0648 base=0.0398 (bce=0.0087 reg=0.0548 mono=0.0075) cps=0.0249 amp_skipped=0 g_base=0.0807 g_cps=0.0321 val_loss=17.2321 val_AP@1.0=0.6679 lr=0.01000 (93s)
[P_fixed_H2_a3_lam1_seed43] epoch 17 steps=10800 total=0.0592 base=0.0370 (bce=0.0075 reg=0.0528 mono=0.0062) cps=0.0222 amp_skipped=0 g_base=0.121 g_cps=0.03 val_loss=19.1628 val_AP@1.0=0.6575 lr=0.01000 (95s)
[P_fixed_H2_a3_lam1_seed43] epoch 18 steps=11400 total=0.0597 base=0.0377 (bce=0.0074 reg=0.0544 mono=0.0063) cps=0.0219 amp_skipped=0 g_base=0.00918 g_cps=0.0268 val_loss=17.4619 val_AP@1.0=0.6675 lr=0.01000 (95s)
[P_fixed_H2_a3_lam1_seed43] epoch 19 steps=12000 total=0.0537 base=0.0338 (bce=0.0040 reg=0.0544 mono=0.0053) cps=0.0199 amp_skipped=0 g_base=0.011 g_cps=0.0223 val_loss=15.3926 val_AP@1.0=0.6865 lr=0.00100 (93s)
[P_fixed_H2_a3_lam1_seed43] epoch 20 steps=12600 total=0.0511 base=0.0331 (bce=0.0022 reg=0.0563 mono=0.0056) cps=0.0180 amp_skipped=0 g_base=0.0162 g_cps=0.00339 val_loss=17.0141 val_AP@1.0=0.6728 lr=0.00100 (93s)
[P_fixed_H2_a3_lam1_seed43] epoch 21 steps=13200 total=0.0482 base=0.0310 (bce=0.0019 reg=0.0537 mono=0.0044) cps=0.0172 amp_skipped=0 g_base=0.0042 g_cps=0.00196 val_loss=16.3408 val_AP@1.0=0.6818 lr=0.00100 (97s)
[P_fixed_H2_a3_lam1_seed43] epoch 22 steps=13800 total=0.0491 base=0.0317 (bce=0.0021 reg=0.0547 mono=0.0047) cps=0.0173 amp_skipped=1 g_base=0.0704 g_cps=0.0158 val_loss=14.8815 val_AP@1.0=0.6769 lr=0.00100 (99s)
[P_fixed_H2_a3_lam1_seed43] epoch 23 steps=14400 total=0.0464 base=0.0306 (bce=0.0022 reg=0.0524 mono=0.0043) cps=0.0159 amp_skipped=0 g_base=0.00119 g_cps=0 val_loss=14.4203 val_AP@1.0=0.6919 lr=0.00100 (98s)
[P_fixed_H2_a3_lam1_seed43] epoch 24 steps=15000 total=0.0455 base=0.0296 (bce=0.0022 reg=0.0509 mono=0.0040) cps=0.0159 amp_skipped=0 g_base=0.0014 g_cps=0 val_loss=15.3562 val_AP@1.0=0.6822 lr=0.00100 (95s)
[P_fixed_H2_a3_lam1_seed43] epoch 25 steps=15600 total=0.0461 base=0.0297 (bce=0.0017 reg=0.0520 mono=0.0040) cps=0.0164 amp_skipped=1 g_base=0.0111 g_cps=0.0185 val_loss=14.3544 val_AP@1.0=0.6892 lr=0.00100 (97s)
[P_fixed_H2_a3_lam1_seed43] epoch 26 steps=16200 total=0.0462 base=0.0297 (bce=0.0020 reg=0.0518 mono=0.0036) cps=0.0164 amp_skipped=0 g_base=0.0258 g_cps=0.0332 val_loss=12.8537 val_AP@1.0=0.6992 lr=0.00100 (98s)
[P_fixed_H2_a3_lam1_seed43] epoch 27 steps=16800 total=0.0455 base=0.0293 (bce=0.0020 reg=0.0509 mono=0.0038) cps=0.0163 amp_skipped=0 g_base=0.0473 g_cps=0.0247 val_loss=13.9074 val_AP@1.0=0.6942 lr=0.00100 (96s)
[P_fixed_H2_a3_lam1_seed43] epoch 28 steps=17400 total=0.0461 base=0.0299 (bce=0.0020 reg=0.0520 mono=0.0038) cps=0.0162 amp_skipped=0 g_base=0.000442 g_cps=0 val_loss=15.7288 val_AP@1.0=0.6846 lr=0.00100 (95s)
[P_fixed_H2_a3_lam1_seed43] epoch 29 steps=18000 total=0.0441 base=0.0286 (bce=0.0017 reg=0.0502 mono=0.0036) cps=0.0156 amp_skipped=1 g_base=0.0134 g_cps=0 val_loss=14.3561 val_AP@1.0=0.6909 lr=0.00100 (97s)
[P_fixed_H2_a3_lam1_seed43] epoch 30 steps=18600 total=0.0460 base=0.0295 (bce=0.0017 reg=0.0518 mono=0.0037) cps=0.0165 amp_skipped=0 g_base=0.0397 g_cps=0.0317 val_loss=15.5593 val_AP@1.0=0.6890 lr=0.00100 (95s)
[P_fixed_H2_a3_lam1_seed43] epoch 31 steps=19200 total=0.0448 base=0.0292 (bce=0.0018 reg=0.0509 mono=0.0039) cps=0.0156 amp_skipped=0 g_base=0.0386 g_cps=0.00652 val_loss=14.1592 val_AP@1.0=0.6939 lr=0.00100 (97s)
[P_fixed_H2_a3_lam1_seed43] epoch 32 steps=19800 total=0.0441 base=0.0289 (bce=0.0019 reg=0.0501 mono=0.0038) cps=0.0152 amp_skipped=1 g_base=0.0317 g_cps=0.0304 val_loss=13.9381 val_AP@1.0=0.6969 lr=0.00100 (96s)
[P_fixed_H2_a3_lam1_seed43] epoch 33 steps=20400 total=0.0425 base=0.0280 (bce=0.0016 reg=0.0492 mono=0.0036) cps=0.0145 amp_skipped=0 g_base=0.00075 g_cps=0 val_loss=13.7243 val_AP@1.0=0.6978 lr=0.00100 (94s)
[P_fixed_H2_a3_lam1_seed43] epoch 34 steps=21000 total=0.0418 base=0.0269 (bce=0.0016 reg=0.0474 mono=0.0031) cps=0.0149 amp_skipped=0 g_base=0.00155 g_cps=0.0075 val_loss=14.7684 val_AP@1.0=0.6955 lr=0.00100 (96s)
[P_fixed_H2_a3_lam1_seed43] epoch 35 steps=21600 total=0.0437 base=0.0286 (bce=0.0016 reg=0.0502 mono=0.0037) cps=0.0151 amp_skipped=0 g_base=0.0476 g_cps=0.0149 val_loss=15.1206 val_AP@1.0=0.6929 lr=0.00100 (94s)
[P_fixed_H2_a3_lam1_seed43] epoch 36 steps=22200 total=0.0412 base=0.0272 (bce=0.0016 reg=0.0474 mono=0.0038) cps=0.0140 amp_skipped=1 g_base=0.00406 g_cps=0.0139 val_loss=12.8958 val_AP@1.0=0.7058 lr=0.00100 (94s)
[P_fixed_H2_a3_lam1_seed43] epoch 37 steps=22800 total=0.0425 base=0.0279 (bce=0.0019 reg=0.0482 mono=0.0037) cps=0.0146 amp_skipped=0 g_base=0.0117 g_cps=0.00495 val_loss=13.4918 val_AP@1.0=0.6989 lr=0.00100 (95s)
[P_fixed_H2_a3_lam1_seed43] epoch 38 steps=23400 total=0.0414 base=0.0267 (bce=0.0013 reg=0.0475 mono=0.0032) cps=0.0148 amp_skipped=0 g_base=0.0395 g_cps=0.018 val_loss=14.1460 val_AP@1.0=0.7001 lr=0.00100 (94s)
[P_fixed_H2_a3_lam1_seed43] epoch 39 steps=24000 total=0.0409 base=0.0268 (bce=0.0018 reg=0.0463 mono=0.0037) cps=0.0142 amp_skipped=1 g_base=0.0479 g_cps=0.00472 val_loss=13.3696 val_AP@1.0=0.7008 lr=0.00010 (94s)
[P_fixed_H2_a3_lam1_seed43] epoch 40 steps=24600 total=0.0391 base=0.0255 (bce=0.0014 reg=0.0449 mono=0.0033) cps=0.0137 amp_skipped=0 g_base=0.0032 g_cps=0 val_loss=14.2165 val_AP@1.0=0.6986 lr=0.00010 (94s)
[P_fixed_H2_a3_lam1_seed43] epoch 41 steps=25200 total=0.0409 base=0.0265 (bce=0.0016 reg=0.0464 mono=0.0033) cps=0.0144 amp_skipped=0 g_base=0.0234 g_cps=0.02 val_loss=14.2190 val_AP@1.0=0.6952 lr=0.00010 (98s)
[P_fixed_H2_a3_lam1_seed43] epoch 42 steps=25800 total=0.0397 base=0.0259 (bce=0.0015 reg=0.0456 mono=0.0032) cps=0.0138 amp_skipped=0 g_base=0.00143 g_cps=0 val_loss=14.7072 val_AP@1.0=0.6962 lr=0.00010 (97s)
[P_fixed_H2_a3_lam1_seed43] epoch 43 steps=26400 total=0.0410 base=0.0270 (bce=0.0016 reg=0.0474 mono=0.0034) cps=0.0140 amp_skipped=1 g_base=0.00824 g_cps=0.0137 val_loss=14.2316 val_AP@1.0=0.7026 lr=0.00010 (94s)
[P_fixed_H2_a3_lam1_seed43] epoch 44 steps=27000 total=0.0415 base=0.0270 (bce=0.0013 reg=0.0479 mono=0.0034) cps=0.0145 amp_skipped=0 g_base=0.0373 g_cps=0.0599 val_loss=13.5270 val_AP@1.0=0.7013 lr=0.00010 (94s)
[P_fixed_H2_a3_lam1_seed43] epoch 45 steps=27600 total=0.0386 base=0.0253 (bce=0.0014 reg=0.0445 mono=0.0032) cps=0.0133 amp_skipped=0 g_base=0.00133 g_cps=0 val_loss=14.3701 val_AP@1.0=0.6949 lr=0.00010 (96s)
[P_fixed_H2_a3_lam1_seed43] epoch 46 steps=28200 total=0.0409 base=0.0265 (bce=0.0017 reg=0.0464 mono=0.0033) cps=0.0143 amp_skipped=1 g_base=0.000808 g_cps=0.00989 val_loss=14.1892 val_AP@1.0=0.6991 lr=0.00010 (95s)
[P_fixed_H2_a3_lam1_seed43] epoch 47 steps=28800 total=0.0407 base=0.0268 (bce=0.0015 reg=0.0474 mono=0.0033) cps=0.0138 amp_skipped=0 g_base=0.00123 g_cps=0 val_loss=13.9172 val_AP@1.0=0.7021 lr=0.00010 (95s)
[P_fixed_H2_a3_lam1_seed43] epoch 48 steps=29400 total=0.0399 base=0.0259 (bce=0.0014 reg=0.0458 mono=0.0033) cps=0.0140 amp_skipped=0 g_base=0.0355 g_cps=0.0113 val_loss=16.0612 val_AP@1.0=0.6964 lr=0.00010 (93s)
[P_fixed_H2_a3_lam1_seed43] epoch 49 steps=30000 total=0.0413 base=0.0267 (bce=0.0018 reg=0.0467 mono=0.0032) cps=0.0145 amp_skipped=0 g_base=0.0119 g_cps=0.0243 val_loss=15.3112 val_AP@1.0=0.6952 lr=0.00010 (93s)
[P_fixed_H2_a3_lam1_seed43] COMPLETE -> /workspace/CPV301/outputs_progress/runs/P_fixed_H2_a3_lam1_seed43
Using cache found in /root/.cache/torch/hub/facebookresearch_pytorchvideo_main
[check-complete] P_fixed_H2_a3_lam1_seed43: COMPLETE (complete)
