+ pip install -r reeval/requirements_progress_rq3.txt
Collecting decord==0.6.0 (from -r reeval/requirements_progress_rq3.txt (line 6))
  Downloading decord-0.6.0-py3-none-manylinux2010_x86_64.whl.metadata (422 bytes)
Requirement already satisfied: numpy==2.5.3 in /venv/main/lib/python3.12/site-packages (from -r reeval/requirements_progress_rq3.txt (line 7)) (2.5.3)
Collecting pandas==3.0.6 (from -r reeval/requirements_progress_rq3.txt (line 8))
  Downloading pandas-3.0.6-cp312-cp312-manylinux_2_24_x86_64.manylinux_2_28_x86_64.whl.metadata (79 kB)
Collecting scikit-learn==1.9.1 (from -r reeval/requirements_progress_rq3.txt (line 9))
  Downloading scikit_learn-1.9.1-cp312-cp312-manylinux_2_27_x86_64.manylinux_2_28_x86_64.whl.metadata (9.3 kB)
Collecting scipy==1.18.1 (from -r reeval/requirements_progress_rq3.txt (line 10))
  Downloading scipy-1.18.1-cp312-cp312-manylinux_2_27_x86_64.manylinux_2_28_x86_64.whl.metadata (62 kB)
Requirement already satisfied: pillow==12.3.0 in /venv/main/lib/python3.12/site-packages (from -r reeval/requirements_progress_rq3.txt (line 11)) (12.3.0)
Requirement already satisfied: huggingface_hub==1.30.0 in /venv/main/lib/python3.12/site-packages (from -r reeval/requirements_progress_rq3.txt (line 12)) (1.30.0)
Collecting datasets==5.0.1 (from -r reeval/requirements_progress_rq3.txt (line 13))
  Downloading datasets-5.0.1-py3-none-any.whl.metadata (23 kB)
Collecting fvcore==0.1.5.post20221221 (from -r reeval/requirements_progress_rq3.txt (line 14))
  Downloading fvcore-0.1.5.post20221221.tar.gz (50 kB)
  Installing build dependencies: started
  Installing build dependencies: finished with status 'done'
  Getting requirements to build wheel: started
  Getting requirements to build wheel: finished with status 'done'
  Preparing metadata (pyproject.toml): started
  Preparing metadata (pyproject.toml): finished with status 'done'
Collecting iopath==0.1.10 (from -r reeval/requirements_progress_rq3.txt (line 15))
  Downloading iopath-0.1.10.tar.gz (42 kB)
  Installing build dependencies: started
  Installing build dependencies: finished with status 'done'
  Getting requirements to build wheel: started
  Getting requirements to build wheel: finished with status 'done'
  Preparing metadata (pyproject.toml): started
  Preparing metadata (pyproject.toml): finished with status 'done'
Collecting pyflakes (from -r reeval/requirements_progress_rq3.txt (line 16))
  Downloading pyflakes-4.0.2-py2.py3-none-any.whl.metadata (3.7 kB)
Requirement already satisfied: python-dateutil>=2.8.2 in /venv/main/lib/python3.12/site-packages (from pandas==3.0.6->-r reeval/requirements_progress_rq3.txt (line 8)) (2.9.0.post0)
Collecting joblib>=1.4.0 (from scikit-learn==1.9.1->-r reeval/requirements_progress_rq3.txt (line 9))
  Downloading joblib-1.6.0-py3-none-any.whl.metadata (6.5 kB)
Collecting narwhals>=2.0.1 (from scikit-learn==1.9.1->-r reeval/requirements_progress_rq3.txt (line 9))
  Downloading narwhals-2.26.0-py3-none-any.whl.metadata (15 kB)
Collecting threadpoolctl>=3.5.0 (from scikit-learn==1.9.1->-r reeval/requirements_progress_rq3.txt (line 9))
  Downloading threadpoolctl-3.7.0-py3-none-any.whl.metadata (24 kB)
Requirement already satisfied: click<9.0.0,>=8.4.2 in /venv/main/lib/python3.12/site-packages (from huggingface_hub==1.30.0->-r reeval/requirements_progress_rq3.txt (line 12)) (8.5.0)
Requirement already satisfied: filelock>=3.10.0 in /venv/main/lib/python3.12/site-packages (from huggingface_hub==1.30.0->-r reeval/requirements_progress_rq3.txt (line 12)) (3.32.5)
Requirement already satisfied: fsspec>=2023.5.0 in /venv/main/lib/python3.12/site-packages (from huggingface_hub==1.30.0->-r reeval/requirements_progress_rq3.txt (line 12)) (2026.7.0)
Requirement already satisfied: hf-xet<2.0.0,>=1.5.2 in /venv/main/lib/python3.12/site-packages (from huggingface_hub==1.30.0->-r reeval/requirements_progress_rq3.txt (line 12)) (1.6.0)
Requirement already satisfied: httpx<1,>=0.23.0 in /venv/main/lib/python3.12/site-packages (from huggingface_hub==1.30.0->-r reeval/requirements_progress_rq3.txt (line 12)) (0.28.1)
Requirement already satisfied: packaging>=20.9 in /venv/main/lib/python3.12/site-packages (from huggingface_hub==1.30.0->-r reeval/requirements_progress_rq3.txt (line 12)) (26.3)
Requirement already satisfied: pyyaml>=5.1 in /venv/main/lib/python3.12/site-packages (from huggingface_hub==1.30.0->-r reeval/requirements_progress_rq3.txt (line 12)) (6.0.3)
Requirement already satisfied: tqdm>=4.42.1 in /venv/main/lib/python3.12/site-packages (from huggingface_hub==1.30.0->-r reeval/requirements_progress_rq3.txt (line 12)) (4.70.0)
Requirement already satisfied: typing-extensions>=4.1.0 in /venv/main/lib/python3.12/site-packages (from huggingface_hub==1.30.0->-r reeval/requirements_progress_rq3.txt (line 12)) (4.16.0)
Collecting pyarrow>=21.0.0 (from datasets==5.0.1->-r reeval/requirements_progress_rq3.txt (line 13))
  Downloading pyarrow-25.0.1-cp312-cp312-manylinux_2_28_x86_64.whl.metadata (3.0 kB)
Collecting dill<0.4.2,>=0.3.0 (from datasets==5.0.1->-r reeval/requirements_progress_rq3.txt (line 13))
  Downloading dill-0.4.1-py3-none-any.whl.metadata (10 kB)
Collecting requests>=2.32.2 (from datasets==5.0.1->-r reeval/requirements_progress_rq3.txt (line 13))
  Downloading requests-2.34.2-py3-none-any.whl.metadata (4.8 kB)
Collecting xxhash (from datasets==5.0.1->-r reeval/requirements_progress_rq3.txt (line 13))
  Downloading xxhash-4.0.1-cp312-cp312-manylinux2014_x86_64.manylinux_2_17_x86_64.manylinux_2_28_x86_64.whl.metadata (17 kB)
Collecting multiprocess<0.70.20 (from datasets==5.0.1->-r reeval/requirements_progress_rq3.txt (line 13))
  Downloading multiprocess-0.70.19-py312-none-any.whl.metadata (7.5 kB)
Collecting fsspec>=2023.5.0 (from huggingface_hub==1.30.0->-r reeval/requirements_progress_rq3.txt (line 12))
  Downloading fsspec-2026.6.0-py3-none-any.whl.metadata (10 kB)
Collecting yacs>=0.1.6 (from fvcore==0.1.5.post20221221->-r reeval/requirements_progress_rq3.txt (line 14))
  Downloading yacs-0.1.8-py3-none-any.whl.metadata (639 bytes)
Collecting termcolor>=1.1 (from fvcore==0.1.5.post20221221->-r reeval/requirements_progress_rq3.txt (line 14))
  Downloading termcolor-3.3.0-py3-none-any.whl.metadata (6.5 kB)
Collecting tabulate (from fvcore==0.1.5.post20221221->-r reeval/requirements_progress_rq3.txt (line 14))
  Downloading tabulate-0.10.0-py3-none-any.whl.metadata (40 kB)
Collecting portalocker (from iopath==0.1.10->-r reeval/requirements_progress_rq3.txt (line 15))
  Downloading portalocker-4.4.0-py3-none-any.whl.metadata (10 kB)
Collecting aiohttp!=4.0.0a0,!=4.0.0a1 (from fsspec[http]<=2026.6.0,>=2023.1.0->datasets==5.0.1->-r reeval/requirements_progress_rq3.txt (line 13))
  Downloading aiohttp-3.14.3-cp312-cp312-manylinux2014_x86_64.manylinux_2_17_x86_64.manylinux_2_28_x86_64.whl.metadata (8.3 kB)
Requirement already satisfied: anyio in /venv/main/lib/python3.12/site-packages (from httpx<1,>=0.23.0->huggingface_hub==1.30.0->-r reeval/requirements_progress_rq3.txt (line 12)) (4.15.1)
Requirement already satisfied: certifi in /venv/main/lib/python3.12/site-packages (from httpx<1,>=0.23.0->huggingface_hub==1.30.0->-r reeval/requirements_progress_rq3.txt (line 12)) (2026.7.22)
Requirement already satisfied: httpcore==1.* in /venv/main/lib/python3.12/site-packages (from httpx<1,>=0.23.0->huggingface_hub==1.30.0->-r reeval/requirements_progress_rq3.txt (line 12)) (1.0.9)
Requirement already satisfied: idna in /venv/main/lib/python3.12/site-packages (from httpx<1,>=0.23.0->huggingface_hub==1.30.0->-r reeval/requirements_progress_rq3.txt (line 12)) (3.19)
Requirement already satisfied: h11>=0.16 in /venv/main/lib/python3.12/site-packages (from httpcore==1.*->httpx<1,>=0.23.0->huggingface_hub==1.30.0->-r reeval/requirements_progress_rq3.txt (line 12)) (0.16.0)
Collecting aiohappyeyeballs>=2.5.0 (from aiohttp!=4.0.0a0,!=4.0.0a1->fsspec[http]<=2026.6.0,>=2023.1.0->datasets==5.0.1->-r reeval/requirements_progress_rq3.txt (line 13))
  Downloading aiohappyeyeballs-2.7.1-py3-none-any.whl.metadata (5.9 kB)
Collecting aiosignal>=1.4.0 (from aiohttp!=4.0.0a0,!=4.0.0a1->fsspec[http]<=2026.6.0,>=2023.1.0->datasets==5.0.1->-r reeval/requirements_progress_rq3.txt (line 13))
  Downloading aiosignal-1.4.0-py3-none-any.whl.metadata (3.7 kB)
Collecting attrs>=17.3.0 (from aiohttp!=4.0.0a0,!=4.0.0a1->fsspec[http]<=2026.6.0,>=2023.1.0->datasets==5.0.1->-r reeval/requirements_progress_rq3.txt (line 13))
  Downloading attrs-26.1.0-py3-none-any.whl.metadata (8.8 kB)
Collecting frozenlist>=1.1.1 (from aiohttp!=4.0.0a0,!=4.0.0a1->fsspec[http]<=2026.6.0,>=2023.1.0->datasets==5.0.1->-r reeval/requirements_progress_rq3.txt (line 13))
  Downloading frozenlist-1.8.0-cp312-cp312-manylinux1_x86_64.manylinux_2_28_x86_64.manylinux_2_5_x86_64.whl.metadata (20 kB)
Collecting multidict<7.0,>=4.5 (from aiohttp!=4.0.0a0,!=4.0.0a1->fsspec[http]<=2026.6.0,>=2023.1.0->datasets==5.0.1->-r reeval/requirements_progress_rq3.txt (line 13))
  Downloading multidict-6.9.1-cp312-cp312-manylinux2014_x86_64.manylinux_2_17_x86_64.manylinux_2_28_x86_64.whl.metadata (5.3 kB)
Collecting propcache>=0.2.0 (from aiohttp!=4.0.0a0,!=4.0.0a1->fsspec[http]<=2026.6.0,>=2023.1.0->datasets==5.0.1->-r reeval/requirements_progress_rq3.txt (line 13))
  Downloading propcache-0.5.4-cp312-cp312-manylinux2014_x86_64.manylinux_2_17_x86_64.manylinux_2_28_x86_64.whl.metadata (25 kB)
Collecting yarl<2.0,>=1.17.0 (from aiohttp!=4.0.0a0,!=4.0.0a1->fsspec[http]<=2026.6.0,>=2023.1.0->datasets==5.0.1->-r reeval/requirements_progress_rq3.txt (line 13))
  Downloading yarl-1.25.1-cp312-cp312-manylinux2014_x86_64.manylinux_2_17_x86_64.manylinux_2_28_x86_64.whl.metadata (111 kB)
Collecting cloudpickle>=3.0 (from joblib>=1.4.0->scikit-learn==1.9.1->-r reeval/requirements_progress_rq3.txt (line 9))
  Downloading cloudpickle-3.1.2-py3-none-any.whl.metadata (7.1 kB)
Requirement already satisfied: six>=1.5 in /venv/main/lib/python3.12/site-packages (from python-dateutil>=2.8.2->pandas==3.0.6->-r reeval/requirements_progress_rq3.txt (line 8)) (1.17.0)
Collecting charset_normalizer<4,>=2 (from requests>=2.32.2->datasets==5.0.1->-r reeval/requirements_progress_rq3.txt (line 13))
  Downloading charset_normalizer-3.5.2-cp312-cp312-manylinux2014_x86_64.manylinux_2_17_x86_64.manylinux_2_28_x86_64.whl.metadata (46 kB)
Collecting urllib3<3,>=1.26 (from requests>=2.32.2->datasets==5.0.1->-r reeval/requirements_progress_rq3.txt (line 13))
  Downloading urllib3-2.8.0-py3-none-any.whl.metadata (7.4 kB)
Downloading decord-0.6.0-py3-none-manylinux2010_x86_64.whl (13.6 MB)
   ━━━━━━━━━━━━━━━━━━━━━━━━━━━━━━━━━━━━━━━━ 13.6/13.6 MB 26.6 MB/s  0:00:00
Downloading pandas-3.0.6-cp312-cp312-manylinux_2_24_x86_64.manylinux_2_28_x86_64.whl (10.8 MB)
   ━━━━━━━━━━━━━━━━━━━━━━━━━━━━━━━━━━━━━━━━ 10.8/10.8 MB 99.3 MB/s  0:00:00
Downloading scikit_learn-1.9.1-cp312-cp312-manylinux_2_27_x86_64.manylinux_2_28_x86_64.whl (9.2 MB)
   ━━━━━━━━━━━━━━━━━━━━━━━━━━━━━━━━━━━━━━━━ 9.2/9.2 MB 99.7 MB/s  0:00:00
Downloading scipy-1.18.1-cp312-cp312-manylinux_2_27_x86_64.manylinux_2_28_x86_64.whl (35.3 MB)
   ━━━━━━━━━━━━━━━━━━━━━━━━━━━━━━━━━━━━━━━━ 35.3/35.3 MB 98.6 MB/s  0:00:00
Downloading datasets-5.0.1-py3-none-any.whl (559 kB)
   ━━━━━━━━━━━━━━━━━━━━━━━━━━━━━━━━━━━━━━━━ 559.1/559.1 kB 61.7 MB/s  0:00:00
Downloading dill-0.4.1-py3-none-any.whl (120 kB)
Downloading fsspec-2026.6.0-py3-none-any.whl (203 kB)
Downloading multiprocess-0.70.19-py312-none-any.whl (150 kB)
Downloading pyflakes-4.0.2-py2.py3-none-any.whl (66 kB)
Downloading aiohttp-3.14.3-cp312-cp312-manylinux2014_x86_64.manylinux_2_17_x86_64.manylinux_2_28_x86_64.whl (1.8 MB)
   ━━━━━━━━━━━━━━━━━━━━━━━━━━━━━━━━━━━━━━━━ 1.8/1.8 MB 92.2 MB/s  0:00:00
Downloading multidict-6.9.1-cp312-cp312-manylinux2014_x86_64.manylinux_2_17_x86_64.manylinux_2_28_x86_64.whl (336 kB)
Downloading yarl-1.25.1-cp312-cp312-manylinux2014_x86_64.manylinux_2_17_x86_64.manylinux_2_28_x86_64.whl (117 kB)
Downloading aiohappyeyeballs-2.7.1-py3-none-any.whl (15 kB)
Downloading aiosignal-1.4.0-py3-none-any.whl (7.5 kB)
Downloading attrs-26.1.0-py3-none-any.whl (67 kB)
Downloading frozenlist-1.8.0-cp312-cp312-manylinux1_x86_64.manylinux_2_28_x86_64.manylinux_2_5_x86_64.whl (242 kB)
Downloading joblib-1.6.0-py3-none-any.whl (306 kB)
Downloading cloudpickle-3.1.2-py3-none-any.whl (22 kB)
Downloading narwhals-2.26.0-py3-none-any.whl (474 kB)
Downloading propcache-0.5.4-cp312-cp312-manylinux2014_x86_64.manylinux_2_17_x86_64.manylinux_2_28_x86_64.whl (250 kB)
Downloading pyarrow-25.0.1-cp312-cp312-manylinux_2_28_x86_64.whl (50.1 MB)
   ━━━━━━━━━━━━━━━━━━━━━━━━━━━━━━━━━━━━━━━━ 50.1/50.1 MB 95.6 MB/s  0:00:00
Downloading requests-2.34.2-py3-none-any.whl (73 kB)
Downloading charset_normalizer-3.5.2-cp312-cp312-manylinux2014_x86_64.manylinux_2_17_x86_64.manylinux_2_28_x86_64.whl (257 kB)
Downloading urllib3-2.8.0-py3-none-any.whl (135 kB)
Downloading termcolor-3.3.0-py3-none-any.whl (7.7 kB)
Downloading threadpoolctl-3.7.0-py3-none-any.whl (26 kB)
Downloading yacs-0.1.8-py3-none-any.whl (14 kB)
Downloading portalocker-4.4.0-py3-none-any.whl (129 kB)
Downloading tabulate-0.10.0-py3-none-any.whl (39 kB)
Downloading xxhash-4.0.1-cp312-cp312-manylinux2014_x86_64.manylinux_2_17_x86_64.manylinux_2_28_x86_64.whl (261 kB)
Building wheels for collected packages: fvcore, iopath
  Building wheel for fvcore (pyproject.toml): started
  Building wheel for fvcore (pyproject.toml): finished with status 'done'
  Created wheel for fvcore: filename=fvcore-0.1.5.post20221221-py3-none-any.whl size=61443 sha256=887525c752935e9e876ba8b24aaaa3ed764352b9ff6e37afcbbf3f45b5e00eda
  Stored in directory: /root/.cache/pip/wheels/ed/9f/a5/e4f5b27454ccd4596bd8b62432c7d6b1ca9fa22aef9d70a16a
  Building wheel for iopath (pyproject.toml): started
  Building wheel for iopath (pyproject.toml): finished with status 'done'
  Created wheel for iopath: filename=iopath-0.1.10-py3-none-any.whl size=31598 sha256=8c1e7986443f97b7145f070e358904c57385cfa79e6095a0ae2fc76a724ae2b2
  Stored in directory: /root/.cache/pip/wheels/7c/96/04/4f5f31ff812f684f69f40cb1634357812220aac58d4698048c
Successfully built fvcore iopath
Installing collected packages: yacs, xxhash, urllib3, threadpoolctl, termcolor, tabulate, scipy, pyflakes, pyarrow, propcache, portalocker, narwhals, multidict, fsspec, frozenlist, dill, decord, cloudpickle, charset_normalizer, attrs, aiohappyeyeballs, yarl, requests, pandas, multiprocess, joblib, iopath, aiosignal, scikit-learn, fvcore, aiohttp, datasets
  Attempting uninstall: fsspec
    Found existing installation: fsspec 2026.7.0
    Uninstalling fsspec-2026.7.0:
      Successfully uninstalled fsspec-2026.7.0

Successfully installed aiohappyeyeballs-2.7.1 aiohttp-3.14.3 aiosignal-1.4.0 attrs-26.1.0 charset_normalizer-3.5.2 cloudpickle-3.1.2 datasets-5.0.1 decord-0.6.0 dill-0.4.1 frozenlist-1.8.0 fsspec-2026.6.0 fvcore-0.1.5.post20221221 iopath-0.1.10 joblib-1.6.0 multidict-6.9.1 multiprocess-0.70.19 narwhals-2.26.0 pandas-3.0.6 portalocker-4.4.0 propcache-0.5.4 pyarrow-25.0.1 pyflakes-4.0.2 requests-2.34.2 scikit-learn-1.9.1 scipy-1.18.1 tabulate-0.10.0 termcolor-3.3.0 threadpoolctl-3.7.0 urllib3-2.8.0 xxhash-4.0.1 yacs-0.1.8 yarl-1.25.1
WARNING: Running pip as the 'root' user can result in broken permissions and conflicting behaviour with the system package manager, possibly rendering your system unusable. It is recommended to use a virtual environment instead: https://pip.pypa.io/warnings/venv. Use the --root-user-action option if you know what you are doing and want to suppress this warning.
