+ python reeval/re12_build_progress_sidecar.py --audit /workspace/CPV301/outputs_progress/audit/audit_summary.json --data-dir /workspace/CPV301/data/nexar_kaggle_style --split-manifest /workspace/CPV301/results/repro/split_manifest_seed42.json --cache-root /workspace/CPV301/data/nexar_cache_riskprop --output-dir /workspace/CPV301/outputs_progress/sidecar --verify-pixels 24
hashing cached .pt files ...
  [sidecar] 100/1200 videos (22s)
  [sidecar] 200/1200 videos (27s)
  [sidecar] 300/1200 videos (37s)
  [sidecar] 400/1200 videos (41s)
  [sidecar] 500/1200 videos (45s)
  [sidecar] 600/1200 videos (50s)
  [sidecar] 700/1200 videos (56s)
  [sidecar] 800/1200 videos (62s)
  [sidecar] 900/1200 videos (67s)
  [sidecar] 1000/1200 videos (72s)
  [sidecar] 1100/1200 videos (75s)
  [sidecar] 1200/1200 videos (80s)
{
  "pass": true,
  "complete": true,
  "usable_for_full_run": true,
  "not_usable_because": [],
  "fatal": [],
  "warnings": [],
  "created": "2026-10-05 09:37:52",
  "audit": "/workspace/CPV301/outputs_progress/audit/audit_summary.json",
  "audit_pass": true,
  "audit_sha256": "cc5452b575ce905ca9e3277b0f7f7b0274017d86606a1d7e98b293ec20baecc0",
  "version": "v4.0.0",
  "synthetic": false,
  "cps_coverage_note": "positives with 0 CPS-valid snippets are still trained with BCE/FFR/AMC",
  "nominal_clamped_snippets_positive": 7,
  "abnormal_videos_pixel_checked": [
    "01400",
    "01451"
  ],
  "n_videos": 1200,
  "n_pos": 600,
  "reason_counts_positive": {
    "ok": 5995,
    "negative": 0,
    "anchor_first": 600,
    "anchor_last": 600,
    "decode_fail": 0,
    "zero_decode_fail": 0,
    "zero_black": 0,
    "zero_cache_only": 0,
    "zero_unchecked": 0,
    "nonfinite_time": 0,
    "post_event": 0,
    "duplicate_endpoint": 5,
    "nonmonotonic_time": 0
  },
  "zero_snippets_all_videos": {
    "decode_fail": 0,
    "black": 0,
    "cache_only": 0
  },
  "videos_with_pts_offset": 0,
  "valid_snippets_per_positive": {
    "5": 1,
    "10": 599
  },
  "positives_without_valid_snippet": 0,
  "valid_tau_coverage": {
    "tau<1.5": 1200,
    "1.5<=tau<2.0": 600,
    "tau>=2.0": 4195
  },
  "tau_actual_minus_cache_s": {
    "mean": 0.017620375378396815,
    "max_abs": 0.03739409255981485
  },
  "timing_sources": {
    "pts": 1200
  },
  "sidecar_sha256": "e94392bda9163149ba2b5e1e189bc010c4a268560b2a16aed379eecd4d6e05cf"
}
pixel verification: 26/26 videos identical (full run needs >= 24)
-> /workspace/CPV301/outputs_progress/sidecar/sidecar.json (80s)
