[seed=43] Train: 1200 videos, 600 batches/epoch (2x12=24 clips/batch)
[seed=43] Val  : 300 videos, 38 batches/epoch (single-snippet)
Using cache found in /root/.cache/torch/hub/facebookresearch_pytorchvideo_main
Params: 31,636,545

==================================================
[seed=43] RQ2 ablation -- condition B: FFR-only (FFR=True AMC=False pairing=random, LR=0.01, matched-budget, identical to cell34 otherwise): epoch 0 -> 49
==================================================

/workspace/CPV301/cell32_riskprop_loss.py:154: UserWarning: Converting a tensor with requires_grad=True to a scalar may lead to unexpected behavior.
Consider using tensor.detach() first. (Triggered internally at /pytorch/torch/csrc/autograd/generated/python_variable_methods.cpp:836.)
  return total, {"bce": L_bce.item(), "reg": float(L_reg), "mono": float(L_mono)}
[seed=43] Epoch  0: train=0.5935 (bce=0.5835 reg=0.0200 mono=0.0000), val_loss=3.3734, val_mAP=0.6838, lr=0.010000, time=91.2s
  * Saved best_riskprop_random_seed43_ffronly.pth (val_loss=3.3734)
[seed=43] Epoch  1: train=0.4822 (bce=0.4687 reg=0.0270 mono=0.0000), val_loss=5.2246, val_mAP=0.6443, lr=0.010000, time=90.6s
[seed=43] Epoch  2: train=0.4107 (bce=0.3945 reg=0.0325 mono=0.0000), val_loss=5.1709, val_mAP=0.6787, lr=0.010000, time=90.5s
[seed=43] Epoch  3: train=0.3194 (bce=0.2985 reg=0.0418 mono=0.0000), val_loss=6.7879, val_mAP=0.7145, lr=0.010000, time=90.9s
[seed=43] Epoch  4: train=0.2661 (bce=0.2439 reg=0.0445 mono=0.0000), val_loss=5.8009, val_mAP=0.6772, lr=0.010000, time=90.7s
[seed=43] Epoch  5: train=0.2123 (bce=0.1864 reg=0.0519 mono=0.0000), val_loss=9.3014, val_mAP=0.6722, lr=0.010000, time=90.7s
[seed=43] Epoch  6: train=0.1548 (bce=0.1281 reg=0.0534 mono=0.0000), val_loss=10.3047, val_mAP=0.6323, lr=0.010000, time=90.6s
[seed=43] Epoch  7: train=0.1197 (bce=0.0893 reg=0.0608 mono=0.0000), val_loss=18.8183, val_mAP=0.6748, lr=0.010000, time=90.7s
[seed=43] Epoch  8: train=0.1528 (bce=0.1231 reg=0.0594 mono=0.0000), val_loss=11.5575, val_mAP=0.6605, lr=0.010000, time=90.8s
[seed=43] Epoch  9: train=0.1179 (bce=0.0886 reg=0.0585 mono=0.0000), val_loss=13.8935, val_mAP=0.6380, lr=0.010000, time=90.7s
[seed=43] Epoch 10: train=0.0877 (bce=0.0569 reg=0.0616 mono=0.0000), val_loss=14.9843, val_mAP=0.6903, lr=0.010000, time=90.7s
[seed=43] Epoch 11: train=0.0956 (bce=0.0648 reg=0.0615 mono=0.0000), val_loss=7.6519, val_mAP=0.6228, lr=0.010000, time=90.8s
[seed=43] Epoch 12: train=0.0682 (bce=0.0356 reg=0.0651 mono=0.0000), val_loss=17.9545, val_mAP=0.7171, lr=0.010000, time=90.8s
[seed=43] Epoch 13: train=0.0554 (bce=0.0265 reg=0.0578 mono=0.0000), val_loss=14.5500, val_mAP=0.7002, lr=0.010000, time=90.8s
[seed=43] Epoch 14: train=0.0349 (bce=0.0063 reg=0.0573 mono=0.0000), val_loss=18.8710, val_mAP=0.7160, lr=0.010000, time=90.9s
[seed=43] Epoch 15: train=0.0334 (bce=0.0045 reg=0.0577 mono=0.0000), val_loss=14.1410, val_mAP=0.7326, lr=0.010000, time=90.8s
[seed=43] Epoch 16: train=0.0345 (bce=0.0039 reg=0.0611 mono=0.0000), val_loss=13.8441, val_mAP=0.7400, lr=0.010000, time=90.8s
[seed=43] Epoch 17: train=0.0362 (bce=0.0061 reg=0.0601 mono=0.0000), val_loss=15.1046, val_mAP=0.7262, lr=0.010000, time=90.7s
[seed=43] Epoch 18: train=0.0332 (bce=0.0046 reg=0.0571 mono=0.0000), val_loss=11.6509, val_mAP=0.7241, lr=0.010000, time=90.9s
[seed=43] Epoch 19: train=0.0341 (bce=0.0056 reg=0.0570 mono=0.0000), val_loss=15.0606, val_mAP=0.7252, lr=0.001000, time=90.7s
[seed=43] Epoch 20: train=0.0317 (bce=0.0040 reg=0.0554 mono=0.0000), val_loss=11.8754, val_mAP=0.7299, lr=0.001000, time=90.9s
[seed=43] Epoch 21: train=0.0314 (bce=0.0049 reg=0.0531 mono=0.0000), val_loss=10.1608, val_mAP=0.7253, lr=0.001000, time=90.9s
[seed=43] Epoch 22: train=0.0322 (bce=0.0049 reg=0.0548 mono=0.0000), val_loss=11.8743, val_mAP=0.7321, lr=0.001000, time=91.0s
[seed=43] Epoch 23: train=0.0313 (bce=0.0042 reg=0.0541 mono=0.0000), val_loss=9.6592, val_mAP=0.7309, lr=0.001000, time=90.9s
[seed=43] Epoch 24: train=0.0326 (bce=0.0045 reg=0.0560 mono=0.0000), val_loss=11.7026, val_mAP=0.7347, lr=0.001000, time=90.9s
[seed=43] Epoch 25: train=0.0312 (bce=0.0043 reg=0.0538 mono=0.0000), val_loss=10.8309, val_mAP=0.7303, lr=0.001000, time=90.7s
[seed=43] Epoch 26: train=0.0299 (bce=0.0044 reg=0.0511 mono=0.0000), val_loss=11.1455, val_mAP=0.7311, lr=0.001000, time=90.8s
[seed=43] Epoch 27: train=0.0326 (bce=0.0044 reg=0.0563 mono=0.0000), val_loss=11.3538, val_mAP=0.7349, lr=0.001000, time=90.8s
[seed=43] Epoch 28: train=0.0312 (bce=0.0045 reg=0.0535 mono=0.0000), val_loss=10.0849, val_mAP=0.7314, lr=0.001000, time=90.8s
[seed=43] Epoch 29: train=0.0316 (bce=0.0046 reg=0.0540 mono=0.0000), val_loss=9.0184, val_mAP=0.7311, lr=0.001000, time=90.9s
[seed=43] Epoch 30: train=0.0309 (bce=0.0047 reg=0.0522 mono=0.0000), val_loss=9.7925, val_mAP=0.7392, lr=0.001000, time=91.4s
[seed=43] Epoch 31: train=0.0315 (bce=0.0051 reg=0.0528 mono=0.0000), val_loss=10.8580, val_mAP=0.7384, lr=0.001000, time=91.5s
[seed=43] Epoch 32: train=0.0310 (bce=0.0044 reg=0.0533 mono=0.0000), val_loss=9.2592, val_mAP=0.7331, lr=0.001000, time=91.5s
[seed=43] Epoch 33: train=0.0312 (bce=0.0045 reg=0.0535 mono=0.0000), val_loss=8.9013, val_mAP=0.7351, lr=0.001000, time=91.5s
[seed=43] Epoch 34: train=0.0306 (bce=0.0047 reg=0.0518 mono=0.0000), val_loss=9.6108, val_mAP=0.7411, lr=0.001000, time=91.2s
[seed=43] Epoch 35: train=0.0322 (bce=0.0049 reg=0.0546 mono=0.0000), val_loss=10.3524, val_mAP=0.7417, lr=0.001000, time=91.7s
[seed=43] Epoch 36: train=0.0314 (bce=0.0045 reg=0.0538 mono=0.0000), val_loss=10.2132, val_mAP=0.7333, lr=0.001000, time=91.5s
[seed=43] Epoch 37: train=0.0323 (bce=0.0046 reg=0.0553 mono=0.0000), val_loss=8.7693, val_mAP=0.7423, lr=0.001000, time=91.3s
[seed=43] Epoch 38: train=0.0325 (bce=0.0049 reg=0.0552 mono=0.0000), val_loss=9.4425, val_mAP=0.7434, lr=0.001000, time=91.2s
[seed=43] Epoch 39: train=0.0318 (bce=0.0046 reg=0.0543 mono=0.0000), val_loss=10.1877, val_mAP=0.7438, lr=0.000100, time=91.4s
[seed=43] Epoch 40: train=0.0307 (bce=0.0041 reg=0.0532 mono=0.0000), val_loss=8.8382, val_mAP=0.7399, lr=0.000100, time=91.3s
[seed=43] Epoch 41: train=0.0313 (bce=0.0043 reg=0.0538 mono=0.0000), val_loss=9.9827, val_mAP=0.7486, lr=0.000100, time=91.3s
[seed=43] Epoch 42: train=0.0317 (bce=0.0042 reg=0.0549 mono=0.0000), val_loss=7.5955, val_mAP=0.7355, lr=0.000100, time=91.4s
[seed=43] Epoch 43: train=0.0319 (bce=0.0046 reg=0.0545 mono=0.0000), val_loss=9.7731, val_mAP=0.7418, lr=0.000100, time=91.3s
[seed=43] Epoch 44: train=0.0320 (bce=0.0045 reg=0.0550 mono=0.0000), val_loss=9.1456, val_mAP=0.7460, lr=0.000100, time=91.2s
[seed=43] Epoch 45: train=0.0314 (bce=0.0039 reg=0.0552 mono=0.0000), val_loss=8.3999, val_mAP=0.7453, lr=0.000100, time=91.0s
[seed=43] Epoch 46: train=0.0325 (bce=0.0048 reg=0.0553 mono=0.0000), val_loss=9.0969, val_mAP=0.7411, lr=0.000100, time=91.3s
[seed=43] Epoch 47: train=0.0322 (bce=0.0044 reg=0.0555 mono=0.0000), val_loss=8.4557, val_mAP=0.7394, lr=0.000100, time=91.2s
[seed=43] Epoch 48: train=0.0318 (bce=0.0044 reg=0.0547 mono=0.0000), val_loss=8.9760, val_mAP=0.7354, lr=0.000100, time=91.0s
[seed=43] Epoch 49: train=0.0322 (bce=0.0041 reg=0.0562 mono=0.0000), val_loss=7.8085, val_mAP=0.7433, lr=0.000100, time=91.1s

==================================================
[seed=43] Training complete! Total: 76.0 min (1.27h)
Best val_loss: 3.3734
==================================================
